// Vitest Snapshot v1, https://vitest.dev/guide/snapshot.html

exports[`Badge > renders  1`] = `
.emotion-0 {
  display: -webkit-inline-box;
  display: -webkit-inline-flex;
  display: -ms-inline-flexbox;
  display: inline-flex;
  -webkit-align-items: center;
  -webkit-box-align: center;
  -ms-flex-align: center;
  align-items: center;
  -webkit-box-pack: center;
  -ms-flex-pack: center;
  -webkit-justify-content: center;
  justify-content: center;
  white-space: nowrap;
  border-radius: 16px;
  padding: 0 16px;
  gap: 8px;
  width: -webkit-fit-content;
  width: -moz-fit-content;
  width: fit-content;
  height: 24px;
  text-transform: uppercase;
  font-size: 12px;
  color: inherit;
  color: #727683;
  background: #e9eaeb;
  border: none;
}

<div>
  <span
    class="emotion-0"
    font-size="12"
    size="24"
  >
    Badge 
  </span>
</div>
`;

exports[`Badge > renders disabled  1`] = `
.emotion-0 {
  display: -webkit-inline-box;
  display: -webkit-inline-flex;
  display: -ms-inline-flexbox;
  display: inline-flex;
  -webkit-align-items: center;
  -webkit-box-align: center;
  -ms-flex-align: center;
  align-items: center;
  -webkit-box-pack: center;
  -ms-flex-pack: center;
  -webkit-justify-content: center;
  justify-content: center;
  white-space: nowrap;
  border-radius: 16px;
  padding: 0 16px;
  gap: 8px;
  width: -webkit-fit-content;
  width: -moz-fit-content;
  width: fit-content;
  height: 24px;
  text-transform: uppercase;
  font-size: 12px;
  color: inherit;
  color: #727683;
  background: #e9eaeb;
  border: none;
}

.emotion-0 {
  display: -webkit-inline-box;
  display: -webkit-inline-flex;
  display: -ms-inline-flexbox;
  display: inline-flex;
  -webkit-align-items: center;
  -webkit-box-align: center;
  -ms-flex-align: center;
  align-items: center;
  -webkit-box-pack: center;
  -ms-flex-pack: center;
  -webkit-justify-content: center;
  justify-content: center;
  white-space: nowrap;
  border-radius: 16px;
  padding: 0 16px;
  gap: 8px;
  width: -webkit-fit-content;
  width: -moz-fit-content;
  width: fit-content;
  height: 24px;
  text-transform: uppercase;
  font-size: 12px;
  color: inherit;
  color: #727683;
  background: #e9eaeb;
  border: none;
}

<div>
  <span
    class="emotion-0"
    font-size="12"
    size="24"
  >
    Badge 
  </span>
</div>
`;
